
> mvpkrameda@0.1.0 typecheck
> tsc --noEmit

app/src/components/DesktopSidebar.tsx(76,36): error TS2339: Property 'name' does not exist on type 'User'.
app/src/components/DesktopSidebar.tsx(84,74): error TS2339: Property 'name' does not exist on type 'User'.
app/src/components/HelperListView.tsx(64,41): error TS2339: Property 'name' does not exist on type 'User'.
app/src/components/MapView.tsx(124,80): error TS2339: Property 'name' does not exist on type 'User'.
app/src/components/MobileSidebar.tsx(91,38): error TS2339: Property 'name' does not exist on type 'User'.
app/src/components/MobileSidebar.tsx(99,59): error TS2339: Property 'name' does not exist on type 'User'.
app/src/components/SocialFundOverview.tsx(155,37): error TS2339: Property 'name' does not exist on type 'User'.
app/src/components/SocialFundOverview.tsx(168,74): error TS2339: Property 'name' does not exist on type 'User'.
app/src/hooks/useAppState.ts(149,34): error TS2339: Property 'name' does not exist on type 'User'.
app/src/hooks/useAppState.ts(194,28): error TS2339: Property 'name' does not exist on type 'User'.
app/src/pages/HelperView.tsx(106,81): error TS2339: Property 'name' does not exist on type 'User'.
app/src/pages/HelperView.tsx(216,28): error TS2339: Property 'name' does not exist on type 'User'.
app/src/pages/HelperView.tsx(257,33): error TS2339: Property 'name' does not exist on type 'User'.
app/src/pages/signIn & signUp/LoginPage.tsx(62,15): error TS2345: Argument of type '{ id: string; name: string; email: string; role: UserRole; phone?: string | undefined; zipCode?: string | undefined; skills?: string[] | undefined; }' is not assignable to parameter of type 'User'.
  Type '{ id: string; name: string; email: string; role: UserRole; phone?: string | undefined; zipCode?: string | undefined; skills?: string[] | undefined; }' is missing the following properties from type 'User': firstname, surname
app/src/services/matchingService.ts(98,26): error TS2339: Property 'name' does not exist on type 'User'.
app/src/services/mockData.ts(168,5): error TS2353: Object literal may only specify known properties, and 'name' does not exist in type 'User'.
app/src/services/mockData.ts(205,5): error TS2353: Object literal may only specify known properties, and 'name' does not exist in type 'User'.
